[INFO] Scanning for projects...
[INFO] 
[INFO] ----------------------< com.creditapp:credit-app >----------------------
[INFO] Building Credit App 1.0.0
[INFO]   from pom.xml
[INFO] --------------------------------[ jar ]---------------------------------
[INFO] 
[INFO] >>> spring-boot:3.3.0:run (default-cli) > test-compile @ credit-app >>>
[INFO] 
[INFO] --- resources:3.3.1:resources (default-resources) @ credit-app ---
[INFO] Copying 1 resource from src\main\resources to target\classes
[INFO] Copying 5 resources from src\main\resources to target\classes
[INFO] 
[INFO] --- compiler:3.13.0:compile (default-compile) @ credit-app ---
[INFO] Recompiling the module because of changed source code.
[INFO] Compiling 43 source files with javac [debug parameters release 21] to target\classes
[INFO] 
[INFO] --- resources:3.3.1:testResources (default-testResources) @ credit-app ---
[INFO] skip non existing resourceDirectory D:\creditapp\src\test\resources
[INFO] 
[INFO] --- compiler:3.13.0:testCompile (default-testCompile) @ credit-app ---
[INFO] Recompiling the module because of changed dependency.
[INFO] 
[INFO] <<< spring-boot:3.3.0:run (default-cli) < test-compile @ credit-app <<<
[INFO] 
[INFO] 
[INFO] --- spring-boot:3.3.0:run (default-cli) @ credit-app ---
[INFO] Attaching agents: []
  .   ____          _            __ _ _
 /\\ / ___'_ __ _ _(_)_ __  __ _ \ \ \ \
( ( )\___ | '_ | '_| | '_ \/ _` | \ \ \ \
 \\/  ___)| |_)| | | | | || (_| |  ) ) ) )
  '  |____| .__|_| |_|_| |_\__, | / / / /
 =========|_|==============|___/=/_/_/_/

 :: Spring Boot ::                (v3.3.0)

2026-01-24 02:24:56 - Starting CreditAppApplication using Java 21 with PID 33468 (D:\creditapp\target\classes started by X1 YOGA in D:\creditapp)
2026-01-24 02:24:56 - Running with Spring Boot v3.3.0, Spring v6.1.8
2026-01-24 02:24:56 - No active profile set, falling back to 1 default profile: "default"
2026-01-24 02:24:57 - Bootstrapping Spring Data JPA repositories in DEFAULT mode.
2026-01-24 02:24:58 - Finished Spring Data repository scanning in 146 ms. Found 6 JPA repository interfaces.
2026-01-24 02:24:59 - Tomcat initialized with port 8080 (http)
2026-01-24 02:24:59 - Starting service [Tomcat]
2026-01-24 02:24:59 - Starting Servlet engine: [Apache Tomcat/10.1.24]
2026-01-24 02:24:59 - Initializing Spring embedded WebApplicationContext
2026-01-24 02:24:59 - Root WebApplicationContext: initialization completed in 3301 ms
2026-01-24 02:24:59 - HikariPool-1 - Starting...
2026-01-24 02:24:59 - HikariPool-1 - Added connection conn0: url=jdbc:h2:mem:creditapp user=SA
2026-01-24 02:24:59 - HikariPool-1 - Start completed.
2026-01-24 02:24:59 - H2 console available at '/h2-console'. Database available at 'jdbc:h2:mem:creditapp'
2026-01-24 02:25:00 - HHH000204: Processing PersistenceUnitInfo [name: default]
2026-01-24 02:25:00 - HHH000412: Hibernate ORM core version 6.5.2.Final
2026-01-24 02:25:00 - HHH000026: Second-level cache disabled
2026-01-24 02:25:01 - No LoadTimeWeaver setup: ignoring JPA class transformer
2026-01-24 02:25:01 - HHH90000025: H2Dialect does not need to be specified explicitly using 'hibernate.dialect' (remove the property setting and it will be selected by default)
2026-01-24 02:25:03 - HHH000489: No JTA platform available (set 'hibernate.transaction.jta.platform' to enable JTA platform integration)
Hibernate: 
    create table children (
        id bigint generated by default as identity,
        password varchar(255) not null,
        points INT DEFAULT 0 not null,
        role enum ('CHILD','PARENT') not null,
        username varchar(50) not null,
        parent_id bigint not null,
        primary key (id)
    )
Hibernate: 
    create table reward_redemptions (
        id bigint generated by default as identity,
        note varchar(500),
        redeemed_at timestamp(6) not null,
        child_id bigint not null,
        reward_id bigint not null,
        primary key (id)
    )
Hibernate: 
    create table rewards (
        id bigint generated by default as identity,
        active boolean not null,
        description varchar(500),
        image_url varchar(500),
        name varchar(100) not null,
        points_required integer not null,
        quantity INT DEFAULT 999 not null,
        primary key (id)
    )
Hibernate: 
    create table task_completions (
        id bigint generated by default as identity,
        approved_at timestamp(6),
        completed_at timestamp(6) not null,
        proof TEXT,
        status enum ('APPROVED','PENDING','REJECTED') not null,
        child_id bigint not null,
        task_id bigint not null,
        primary key (id)
    )
Hibernate: 
    create table tasks (
        id bigint generated by default as identity,
        active boolean not null,
        description varchar(500),
        points integer not null,
        status enum ('APPROVED','DRAFT','REJECTED'),
        title varchar(100) not null,
        type enum ('DAILY_ONCE','ONE_TIME','REPEATABLE') not null,
        assigned_child_id bigint,
        created_by_id bigint,
        primary key (id)
    )
Hibernate: 
    create table users (
        id bigint generated by default as identity,
        password varchar(255) not null,
        points INT DEFAULT 0 not null,
        role enum ('CHILD','PARENT') not null,
        username varchar(50) not null,
        parent_id bigint,
        primary key (id)
    )
Hibernate: 
    alter table if exists children 
       drop constraint if exists UK7048w76wa956yje033iw27kji
Hibernate: 
    alter table if exists children 
       add constraint UK7048w76wa956yje033iw27kji unique (username)
Hibernate: 
    alter table if exists users 
       drop constraint if exists UKr43af9ap4edm43mmtq01oddj6
Hibernate: 
    alter table if exists users 
       add constraint UKr43af9ap4edm43mmtq01oddj6 unique (username)
Hibernate: 
    alter table if exists children 
       add constraint FKnj4ttxxbdk18yp1765brwyeeg 
       foreign key (parent_id) 
       references users
Hibernate: 
    alter table if exists reward_redemptions 
       add constraint FKil95auf52ftcmvm0raul4tvh7 
       foreign key (child_id) 
       references children
Hibernate: 
    alter table if exists reward_redemptions 
       add constraint FK1fl7vw3n1k600ewfdmcaoau12 
       foreign key (reward_id) 
       references rewards
Hibernate: 
    alter table if exists task_completions 
       add constraint FK3jlgfr77xr56uwymlk8t364w1 
       foreign key (child_id) 
       references children
Hibernate: 
    alter table if exists task_completions 
       add constraint FK9o7tio8fmilj3qqv03la4jrlg 
       foreign key (task_id) 
       references tasks
Hibernate: 
    alter table if exists tasks 
       add constraint FK9jm8j5xi9j8jh77447qm7ymrj 
       foreign key (assigned_child_id) 
       references children
Hibernate: 
    alter table if exists tasks 
       add constraint FKmeg3m9hk7eyq7u5kpot87f9ey 
       foreign key (created_by_id) 
       references users
Hibernate: 
    alter table if exists users 
       add constraint FK4ty2qb76gscl4oi0yugg5gywc 
       foreign key (parent_id) 
       references users
2026-01-24 02:25:03 - Initialized JPA EntityManagerFactory for persistence unit 'default'
2026-01-24 02:25:04 - Hibernate is in classpath; If applicable, HQL parser will be used.
2026-01-24 02:25:05 - spring.jpa.open-in-view is enabled by default. Therefore, database queries may be performed during view rendering. Explicitly configure spring.jpa.open-in-view to disable this warning
2026-01-24 02:25:05 - Global AuthenticationManager configured with UserDetailsService bean with name customUserDetailsService
2026-01-24 02:25:05 - Adding welcome page template: index
2026-01-24 02:25:06 - Will secure any request with [org.springframework.security.web.session.DisableEncodeUrlFilter@74efc394, org.springframework.security.web.context.request.async.WebAsyncManagerIntegrationFilter@794fbf0d, org.springframework.security.web.context.SecurityContextHolderFilter@11b5b1f2, org.springframework.security.web.header.HeaderWriterFilter@3d805670, org.springframework.web.filter.CorsFilter@41a372c1, org.springframework.security.web.csrf.CsrfFilter@3ed79f41, org.springframework.security.web.authentication.logout.LogoutFilter@2a62384, org.springframework.security.web.authentication.UsernamePasswordAuthenticationFilter@24a38ef3, org.springframework.security.web.savedrequest.RequestCacheAwareFilter@4d87553b, org.springframework.security.web.servletapi.SecurityContextHolderAwareRequestFilter@d69fd7a, org.springframework.security.web.authentication.AnonymousAuthenticationFilter@12bb3666, org.springframework.security.web.access.ExceptionTranslationFilter@6eec564c, org.springframework.security.web.access.intercept.AuthorizationFilter@3597174b]
2026-01-24 02:25:06 - Exception encountered during context initialization - cancelling refresh attempt: org.springframework.context.ApplicationContextException: Failed to start bean 'webServerStartStop'
2026-01-24 02:25:06 - Closing JPA EntityManagerFactory for persistence unit 'default'
2026-01-24 02:25:06 - HikariPool-1 - Shutdown initiated...
2026-01-24 02:25:06 - HikariP[INFO] ------------------------------------------------------------------------
[INFO] BUILD FAILURE
[INFO] ------------------------------------------------------------------------
[INFO] Total time:  05:16 min
[INFO] Finished at: 2026-01-24T02:26:23+08:00
[INFO] ------------------------------------------------------------------------
[ERROR] Failed to execute goal org.springframework.boot:spring-boot-maven-plugin:3.3.0:run (default-cli) on project credit-app: Process terminated with exit code: 1 -> [Help 1]
[ERROR] 
[ERROR] To see the full stack trace of the errors, re-run Maven with the -e switch.
[ERROR] Re-run Maven using the -X switch to enable full debug logging.
[ERROR] 
[ERROR] For more information about the errors and possible solutions, please read the following articles:
[ERROR] [Help 1] http://cwiki.apache.org/confluence/display/MAVEN/MojoExecutionException
.boot:spring-boot-maven-plugin:3.3.0:run (default-cli) on project credit-app: Process terminated with exit code: 1 -> [Help 1]
[ERROR] 
[ERROR] To see the full stack trace of the errors, re-run Maven with the -e switch.
[ERROR] Re-run Maven using the -X switch to enable full debug logging.
[ERROR] 
[ERROR] For more information about the errors and possible solutions, please read the following articles:
[ERROR] [Help 1] http://cwiki.apache.org/confluence/display/MAVEN/MojoExecutionException
